  Determining projects to restore...
C:\Users\reshad\Desktop\LoginAppFramework\LoginAppFramework V2 - main\LoginAppFramework\LoginAppFramework.csproj : warning NU1701: Package 'CredentialManagement 1.0.2' was restored using '.NETFramework,Version=v4.6.1, .NETFramework,Version=v4.6.2, .NETFramework,Version=v4.7, .NETFramework,Version=v4.7.1, .NETFramework,Version=v4.7.2, .NETFramework,Version=v4.8, .NETFramework,Version=v4.8.1' instead of the project target framework 'net8.0-windows7.0'. This package may not be fully compatible with your project. [C:\Users\reshad\Desktop\LoginAppFramework\LoginAppFramework V2 - main\LoginAppFramework.sln]
C:\Users\reshad\Desktop\LoginAppFramework\LoginAppFramework V2 - main\LoginAppFramework\LoginAppFramework.csproj : warning NU1701: Package 'LiveCharts 0.9.7' was restored using '.NETFramework,Version=v4.6.1, .NETFramework,Version=v4.6.2, .NETFramework,Version=v4.7, .NETFramework,Version=v4.7.1, .NETFramework,Version=v4.7.2, .NETFramework,Version=v4.8, .NETFramework,Version=v4.8.1' instead of the project target framework 'net8.0-windows7.0'. This package may not be fully compatible with your project. [C:\Users\reshad\Desktop\LoginAppFramework\LoginAppFramework V2 - main\LoginAppFramework.sln]
C:\Users\reshad\Desktop\LoginAppFramework\LoginAppFramework V2 - main\LoginAppFramework\LoginAppFramework.csproj : warning NU1701: Package 'LiveCharts.Wpf 0.9.7' was restored using '.NETFramework,Version=v4.6.1, .NETFramework,Version=v4.6.2, .NETFramework,Version=v4.7, .NETFramework,Version=v4.7.1, .NETFramework,Version=v4.7.2, .NETFramework,Version=v4.8, .NETFramework,Version=v4.8.1' instead of the project target framework 'net8.0-windows7.0'. This package may not be fully compatible with your project. [C:\Users\reshad\Desktop\LoginAppFramework\LoginAppFramework V2 - main\LoginAppFramework.sln]
  All projects are up-to-date for restore.
C:\Users\reshad\Desktop\LoginAppFramework\LoginAppFramework V2 - main\LoginAppFramework\LoginAppFramework.csproj : warning NU1701: Package 'CredentialManagement 1.0.2' was restored using '.NETFramework,Version=v4.6.1, .NETFramework,Version=v4.6.2, .NETFramework,Version=v4.7, .NETFramework,Version=v4.7.1, .NETFramework,Version=v4.7.2, .NETFramework,Version=v4.8, .NETFramework,Version=v4.8.1' instead of the project target framework 'net8.0-windows7.0'. This package may not be fully compatible with your project.
C:\Users\reshad\Desktop\LoginAppFramework\LoginAppFramework V2 - main\LoginAppFramework\LoginAppFramework.csproj : warning NU1701: Package 'LiveCharts 0.9.7' was restored using '.NETFramework,Version=v4.6.1, .NETFramework,Version=v4.6.2, .NETFramework,Version=v4.7, .NETFramework,Version=v4.7.1, .NETFramework,Version=v4.7.2, .NETFramework,Version=v4.8, .NETFramework,Version=v4.8.1' instead of the project target framework 'net8.0-windows7.0'. This package may not be fully compatible with your project.
C:\Users\reshad\Desktop\LoginAppFramework\LoginAppFramework V2 - main\LoginAppFramework\LoginAppFramework.csproj : warning NU1701: Package 'LiveCharts.Wpf 0.9.7' was restored using '.NETFramework,Version=v4.6.1, .NETFramework,Version=v4.6.2, .NETFramework,Version=v4.7, .NETFramework,Version=v4.7.1, .NETFramework,Version=v4.7.2, .NETFramework,Version=v4.8, .NETFramework,Version=v4.8.1' instead of the project target framework 'net8.0-windows7.0'. This package may not be fully compatible with your project.
C:\Program Files\dotnet\sdk\9.0.305\Microsoft.Common.CurrentVersion.targets(2433,5): warning MSB3245: Could not resolve this reference. Could not locate the assembly "ReachFramework". Check to make sure the assembly exists on disk. If this reference is required by your code, you may get compilation errors. [C:\Users\reshad\Desktop\LoginAppFramework\LoginAppFramework V2 - main\LoginAppFramework\LoginAppFramework.csproj]
C:\Program Files\dotnet\sdk\9.0.305\Microsoft.Common.CurrentVersion.targets(2433,5): warning MSB3243: No way to resolve conflict between "ReachFramework, Version=8.0.0.0, Culture=neutral, PublicKeyToken=31bf3856ad364e35" and "ReachFramework". Choosing "ReachFramework, Version=8.0.0.0, Culture=neutral, PublicKeyToken=31bf3856ad364e35" arbitrarily. [C:\Users\reshad\Desktop\LoginAppFramework\LoginAppFramework V2 - main\LoginAppFramework\LoginAppFramework.csproj]
C:\Users\reshad\Desktop\LoginAppFramework\LoginAppFramework V2 - main\LoginAppFramework\LoginAppFramework_kdb1wuoq_wpftmp.csproj : warning NU1701: Package 'CredentialManagement 1.0.2' was restored using '.NETFramework,Version=v4.6.1, .NETFramework,Version=v4.6.2, .NETFramework,Version=v4.7, .NETFramework,Version=v4.7.1, .NETFramework,Version=v4.7.2, .NETFramework,Version=v4.8, .NETFramework,Version=v4.8.1' instead of the project target framework 'net8.0-windows7.0'. This package may not be fully compatible with your project.
C:\Users\reshad\Desktop\LoginAppFramework\LoginAppFramework V2 - main\LoginAppFramework\LoginAppFramework_kdb1wuoq_wpftmp.csproj : warning NU1701: Package 'LiveCharts 0.9.7' was restored using '.NETFramework,Version=v4.6.1, .NETFramework,Version=v4.6.2, .NETFramework,Version=v4.7, .NETFramework,Version=v4.7.1, .NETFramework,Version=v4.7.2, .NETFramework,Version=v4.8, .NETFramework,Version=v4.8.1' instead of the project target framework 'net8.0-windows7.0'. This package may not be fully compatible with your project.
C:\Users\reshad\Desktop\LoginAppFramework\LoginAppFramework V2 - main\LoginAppFramework\LoginAppFramework_kdb1wuoq_wpftmp.csproj : warning NU1701: Package 'LiveCharts.Wpf 0.9.7' was restored using '.NETFramework,Version=v4.6.1, .NETFramework,Version=v4.6.2, .NETFramework,Version=v4.7, .NETFramework,Version=v4.7.1, .NETFramework,Version=v4.7.2, .NETFramework,Version=v4.8, .NETFramework,Version=v4.8.1' instead of the project target framework 'net8.0-windows7.0'. This package may not be fully compatible with your project.
C:\Users\reshad\Desktop\LoginAppFramework\LoginAppFramework V2 - main\LoginAppFramework\ValueConverters.cs(60,40): warning CS8848: Operator 'switch' cannot be used here due to precedence. Use parentheses to disambiguate. [C:\Users\reshad\Desktop\LoginAppFramework\LoginAppFramework V2 - main\LoginAppFramework\LoginAppFramework_kdb1wuoq_wpftmp.csproj]
C:\Users\reshad\Desktop\LoginAppFramework\LoginAppFramework V2 - main\LoginAppFramework\Services\ReportGenerator.cs(105,21): warning CS0618: 'GridExtensions.Grid(IContainer, Action<GridDescriptor>)' is obsolete: 'This element has been deprecated since version 2022.11. Please use the Table element, or the combination of the Row and Column elements.' [C:\Users\reshad\Desktop\LoginAppFramework\LoginAppFramework V2 - main\LoginAppFramework\LoginAppFramework_kdb1wuoq_wpftmp.csproj]
C:\Users\reshad\Desktop\LoginAppFramework\LoginAppFramework V2 - main\LoginAppFramework\Services\ReportGenerator.cs(87,13): warning CS0618: 'GridExtensions.Grid(IContainer, Action<GridDescriptor>)' is obsolete: 'This element has been deprecated since version 2022.11. Please use the Table element, or the combination of the Row and Column elements.' [C:\Users\reshad\Desktop\LoginAppFramework\LoginAppFramework V2 - main\LoginAppFramework\LoginAppFramework_kdb1wuoq_wpftmp.csproj]
C:\Users\reshad\Desktop\LoginAppFramework\LoginAppFramework V2 - main\LoginAppFramework\WorkerAssetManager.xaml.cs(13,43): warning CS0067: The event 'WorkerAssetManager.OnDeleteWorker' is never used [C:\Users\reshad\Desktop\LoginAppFramework\LoginAppFramework V2 - main\LoginAppFramework\LoginAppFramework_kdb1wuoq_wpftmp.csproj]
C:\Users\reshad\Desktop\LoginAppFramework\LoginAppFramework V2 - main\LoginAppFramework\WorkerAssetManager.xaml.cs(12,43): warning CS0067: The event 'WorkerAssetManager.OnEditWorker' is never used [C:\Users\reshad\Desktop\LoginAppFramework\LoginAppFramework V2 - main\LoginAppFramework\LoginAppFramework_kdb1wuoq_wpftmp.csproj]
C:\Users\reshad\Desktop\LoginAppFramework\LoginAppFramework V2 - main\LoginAppFramework\Models\ImportMappingViewModel.cs(11,50): warning CS0067: The event 'ImportMappingViewModel.PropertyChanged' is never used [C:\Users\reshad\Desktop\LoginAppFramework\LoginAppFramework V2 - main\LoginAppFramework\LoginAppFramework_kdb1wuoq_wpftmp.csproj]
C:\Users\reshad\Desktop\LoginAppFramework\LoginAppFramework V2 - main\LoginAppFramework\PrintQrCodesWindow.xaml.cs(35,33): warning CA1416: This call site is reachable on all platforms. 'QRCode' is only supported on: 'windows'. (https://learn.microsoft.com/dotnet/fundamentals/code-analysis/quality-rules/ca1416) [C:\Users\reshad\Desktop\LoginAppFramework\LoginAppFramework V2 - main\LoginAppFramework\LoginAppFramework_kdb1wuoq_wpftmp.csproj]
C:\Users\reshad\Desktop\LoginAppFramework\LoginAppFramework V2 - main\LoginAppFramework\Services\EncryptionHelper.cs(24,82): warning CA1416: This call site is reachable on all platforms. 'DataProtectionScope.CurrentUser' is only supported on: 'windows'. (https://learn.microsoft.com/dotnet/fundamentals/code-analysis/quality-rules/ca1416) [C:\Users\reshad\Desktop\LoginAppFramework\LoginAppFramework V2 - main\LoginAppFramework\LoginAppFramework_kdb1wuoq_wpftmp.csproj]
C:\Users\reshad\Desktop\LoginAppFramework\LoginAppFramework V2 - main\LoginAppFramework\Services\EncryptionHelper.cs(42,31): warning CA1416: This call site is reachable on all platforms. 'ProtectedData.Unprotect(byte[], byte[]?, DataProtectionScope)' is only supported on: 'windows'. (https://learn.microsoft.com/dotnet/fundamentals/code-analysis/quality-rules/ca1416) [C:\Users\reshad\Desktop\LoginAppFramework\LoginAppFramework V2 - main\LoginAppFramework\LoginAppFramework_kdb1wuoq_wpftmp.csproj]
C:\Users\reshad\Desktop\LoginAppFramework\LoginAppFramework V2 - main\LoginAppFramework\PrintQrCodesWindow.xaml.cs(73,17): warning CA1416: This call site is reachable on all platforms. 'Image.Save(Stream, ImageFormat)' is only supported on: 'windows'. (https://learn.microsoft.com/dotnet/fundamentals/code-analysis/quality-rules/ca1416) [C:\Users\reshad\Desktop\LoginAppFramework\LoginAppFramework V2 - main\LoginAppFramework\LoginAppFramework_kdb1wuoq_wpftmp.csproj]
C:\Users\reshad\Desktop\LoginAppFramework\LoginAppFramework V2 - main\LoginAppFramework\PrintQrCodesWindow.xaml.cs(36,38): warning CA1416: This call site is reachable on all platforms. 'QRCode.GetGraphic(int)' is only supported on: 'windows'. (https://learn.microsoft.com/dotnet/fundamentals/code-analysis/quality-rules/ca1416) [C:\Users\reshad\Desktop\LoginAppFramework\LoginAppFramework V2 - main\LoginAppFramework\LoginAppFramework_kdb1wuoq_wpftmp.csproj]
C:\Users\reshad\Desktop\LoginAppFramework\LoginAppFramework V2 - main\LoginAppFramework\Services\EncryptionHelper.cs(24,36): warning CA1416: This call site is reachable on all platforms. 'ProtectedData.Protect(byte[], byte[]?, DataProtectionScope)' is only supported on: 'windows'. (https://learn.microsoft.com/dotnet/fundamentals/code-analysis/quality-rules/ca1416) [C:\Users\reshad\Desktop\LoginAppFramework\LoginAppFramework V2 - main\LoginAppFramework\LoginAppFramework_kdb1wuoq_wpftmp.csproj]
C:\Users\reshad\Desktop\LoginAppFramework\LoginAppFramework V2 - main\LoginAppFramework\Services\EncryptionHelper.cs(42,79): warning CA1416: This call site is reachable on all platforms. 'DataProtectionScope.CurrentUser' is only supported on: 'windows'. (https://learn.microsoft.com/dotnet/fundamentals/code-analysis/quality-rules/ca1416) [C:\Users\reshad\Desktop\LoginAppFramework\LoginAppFramework V2 - main\LoginAppFramework\LoginAppFramework_kdb1wuoq_wpftmp.csproj]
C:\Users\reshad\Desktop\LoginAppFramework\LoginAppFramework V2 - main\LoginAppFramework\PrintQrCodesWindow.xaml.cs(73,37): warning CA1416: This call site is reachable on all platforms. 'ImageFormat.Png' is only supported on: 'windows'. (https://learn.microsoft.com/dotnet/fundamentals/code-analysis/quality-rules/ca1416) [C:\Users\reshad\Desktop\LoginAppFramework\LoginAppFramework V2 - main\LoginAppFramework\LoginAppFramework_kdb1wuoq_wpftmp.csproj]
C:\Users\reshad\Desktop\LoginAppFramework\LoginAppFramework V2 - main\LoginAppFramework\ValueConverters.cs(60,40): warning CS8848: Operator 'switch' cannot be used here due to precedence. Use parentheses to disambiguate. [C:\Users\reshad\Desktop\LoginAppFramework\LoginAppFramework V2 - main\LoginAppFramework\LoginAppFramework.csproj]
C:\Users\reshad\Desktop\LoginAppFramework\LoginAppFramework V2 - main\LoginAppFramework\Services\ReportGenerator.cs(105,21): warning CS0618: 'GridExtensions.Grid(IContainer, Action<GridDescriptor>)' is obsolete: 'This element has been deprecated since version 2022.11. Please use the Table element, or the combination of the Row and Column elements.' [C:\Users\reshad\Desktop\LoginAppFramework\LoginAppFramework V2 - main\LoginAppFramework\LoginAppFramework.csproj]
C:\Users\reshad\Desktop\LoginAppFramework\LoginAppFramework V2 - main\LoginAppFramework\Services\ReportGenerator.cs(87,13): warning CS0618: 'GridExtensions.Grid(IContainer, Action<GridDescriptor>)' is obsolete: 'This element has been deprecated since version 2022.11. Please use the Table element, or the combination of the Row and Column elements.' [C:\Users\reshad\Desktop\LoginAppFramework\LoginAppFramework V2 - main\LoginAppFramework\LoginAppFramework.csproj]
C:\Users\reshad\Desktop\LoginAppFramework\LoginAppFramework V2 - main\LoginAppFramework\WorkerAssetManager.xaml.cs(12,43): warning CS0067: The event 'WorkerAssetManager.OnEditWorker' is never used [C:\Users\reshad\Desktop\LoginAppFramework\LoginAppFramework V2 - main\LoginAppFramework\LoginAppFramework.csproj]
C:\Users\reshad\Desktop\LoginAppFramework\LoginAppFramework V2 - main\LoginAppFramework\WorkerAssetManager.xaml.cs(13,43): warning CS0067: The event 'WorkerAssetManager.OnDeleteWorker' is never used [C:\Users\reshad\Desktop\LoginAppFramework\LoginAppFramework V2 - main\LoginAppFramework\LoginAppFramework.csproj]
C:\Users\reshad\Desktop\LoginAppFramework\LoginAppFramework V2 - main\LoginAppFramework\Models\ImportMappingViewModel.cs(11,50): warning CS0067: The event 'ImportMappingViewModel.PropertyChanged' is never used [C:\Users\reshad\Desktop\LoginAppFramework\LoginAppFramework V2 - main\LoginAppFramework\LoginAppFramework.csproj]
C:\Users\reshad\Desktop\LoginAppFramework\LoginAppFramework V2 - main\LoginAppFramework\Services\EncryptionHelper.cs(24,36): warning CA1416: This call site is reachable on all platforms. 'ProtectedData.Protect(byte[], byte[]?, DataProtectionScope)' is only supported on: 'windows'. (https://learn.microsoft.com/dotnet/fundamentals/code-analysis/quality-rules/ca1416) [C:\Users\reshad\Desktop\LoginAppFramework\LoginAppFramework V2 - main\LoginAppFramework\LoginAppFramework.csproj]
C:\Users\reshad\Desktop\LoginAppFramework\LoginAppFramework V2 - main\LoginAppFramework\Services\EncryptionHelper.cs(24,82): warning CA1416: This call site is reachable on all platforms. 'DataProtectionScope.CurrentUser' is only supported on: 'windows'. (https://learn.microsoft.com/dotnet/fundamentals/code-analysis/quality-rules/ca1416) [C:\Users\reshad\Desktop\LoginAppFramework\LoginAppFramework V2 - main\LoginAppFramework\LoginAppFramework.csproj]
C:\Users\reshad\Desktop\LoginAppFramework\LoginAppFramework V2 - main\LoginAppFramework\Services\EncryptionHelper.cs(42,79): warning CA1416: This call site is reachable on all platforms. 'DataProtectionScope.CurrentUser' is only supported on: 'windows'. (https://learn.microsoft.com/dotnet/fundamentals/code-analysis/quality-rules/ca1416) [C:\Users\reshad\Desktop\LoginAppFramework\LoginAppFramework V2 - main\LoginAppFramework\LoginAppFramework.csproj]
C:\Users\reshad\Desktop\LoginAppFramework\LoginAppFramework V2 - main\LoginAppFramework\Services\EncryptionHelper.cs(42,31): warning CA1416: This call site is reachable on all platforms. 'ProtectedData.Unprotect(byte[], byte[]?, DataProtectionScope)' is only supported on: 'windows'. (https://learn.microsoft.com/dotnet/fundamentals/code-analysis/quality-rules/ca1416) [C:\Users\reshad\Desktop\LoginAppFramework\LoginAppFramework V2 - main\LoginAppFramework\LoginAppFramework.csproj]
C:\Users\reshad\Desktop\LoginAppFramework\LoginAppFramework V2 - main\LoginAppFramework\PrintQrCodesWindow.xaml.cs(73,37): warning CA1416: This call site is reachable on all platforms. 'ImageFormat.Png' is only supported on: 'windows'. (https://learn.microsoft.com/dotnet/fundamentals/code-analysis/quality-rules/ca1416) [C:\Users\reshad\Desktop\LoginAppFramework\LoginAppFramework V2 - main\LoginAppFramework\LoginAppFramework.csproj]
C:\Users\reshad\Desktop\LoginAppFramework\LoginAppFramework V2 - main\LoginAppFramework\PrintQrCodesWindow.xaml.cs(73,17): warning CA1416: This call site is reachable on all platforms. 'Image.Save(Stream, ImageFormat)' is only supported on: 'windows'. (https://learn.microsoft.com/dotnet/fundamentals/code-analysis/quality-rules/ca1416) [C:\Users\reshad\Desktop\LoginAppFramework\LoginAppFramework V2 - main\LoginAppFramework\LoginAppFramework.csproj]
C:\Users\reshad\Desktop\LoginAppFramework\LoginAppFramework V2 - main\LoginAppFramework\PrintQrCodesWindow.xaml.cs(35,33): warning CA1416: This call site is reachable on all platforms. 'QRCode' is only supported on: 'windows'. (https://learn.microsoft.com/dotnet/fundamentals/code-analysis/quality-rules/ca1416) [C:\Users\reshad\Desktop\LoginAppFramework\LoginAppFramework V2 - main\LoginAppFramework\LoginAppFramework.csproj]
C:\Users\reshad\Desktop\LoginAppFramework\LoginAppFramework V2 - main\LoginAppFramework\PrintQrCodesWindow.xaml.cs(36,38): warning CA1416: This call site is reachable on all platforms. 'QRCode.GetGraphic(int)' is only supported on: 'windows'. (https://learn.microsoft.com/dotnet/fundamentals/code-analysis/quality-rules/ca1416) [C:\Users\reshad\Desktop\LoginAppFramework\LoginAppFramework V2 - main\LoginAppFramework\LoginAppFramework.csproj]
  LoginAppFramework -> C:\Users\reshad\Desktop\LoginAppFramework\LoginAppFramework V2 - main\LoginAppFramework\bin\Debug\net8.0-windows\LoginAppFramework.dll

Build succeeded.

C:\Users\reshad\Desktop\LoginAppFramework\LoginAppFramework V2 - main\LoginAppFramework\LoginAppFramework.csproj : warning NU1701: Package 'CredentialManagement 1.0.2' was restored using '.NETFramework,Version=v4.6.1, .NETFramework,Version=v4.6.2, .NETFramework,Version=v4.7, .NETFramework,Version=v4.7.1, .NETFramework,Version=v4.7.2, .NETFramework,Version=v4.8, .NETFramework,Version=v4.8.1' instead of the project target framework 'net8.0-windows7.0'. This package may not be fully compatible with your project. [C:\Users\reshad\Desktop\LoginAppFramework\LoginAppFramework V2 - main\LoginAppFramework.sln]
C:\Users\reshad\Desktop\LoginAppFramework\LoginAppFramework V2 - main\LoginAppFramework\LoginAppFramework.csproj : warning NU1701: Package 'LiveCharts 0.9.7' was restored using '.NETFramework,Version=v4.6.1, .NETFramework,Version=v4.6.2, .NETFramework,Version=v4.7, .NETFramework,Version=v4.7.1, .NETFramework,Version=v4.7.2, .NETFramework,Version=v4.8, .NETFramework,Version=v4.8.1' instead of the project target framework 'net8.0-windows7.0'. This package may not be fully compatible with your project. [C:\Users\reshad\Desktop\LoginAppFramework\LoginAppFramework V2 - main\LoginAppFramework.sln]
C:\Users\reshad\Desktop\LoginAppFramework\LoginAppFramework V2 - main\LoginAppFramework\LoginAppFramework.csproj : warning NU1701: Package 'LiveCharts.Wpf 0.9.7' was restored using '.NETFramework,Version=v4.6.1, .NETFramework,Version=v4.6.2, .NETFramework,Version=v4.7, .NETFramework,Version=v4.7.1, .NETFramework,Version=v4.7.2, .NETFramework,Version=v4.8, .NETFramework,Version=v4.8.1' instead of the project target framework 'net8.0-windows7.0'. This package may not be fully compatible with your project. [C:\Users\reshad\Desktop\LoginAppFramework\LoginAppFramework V2 - main\LoginAppFramework.sln]
C:\Users\reshad\Desktop\LoginAppFramework\LoginAppFramework V2 - main\LoginAppFramework\LoginAppFramework.csproj : warning NU1701: Package 'CredentialManagement 1.0.2' was restored using '.NETFramework,Version=v4.6.1, .NETFramework,Version=v4.6.2, .NETFramework,Version=v4.7, .NETFramework,Version=v4.7.1, .NETFramework,Version=v4.7.2, .NETFramework,Version=v4.8, .NETFramework,Version=v4.8.1' instead of the project target framework 'net8.0-windows7.0'. This package may not be fully compatible with your project.
C:\Users\reshad\Desktop\LoginAppFramework\LoginAppFramework V2 - main\LoginAppFramework\LoginAppFramework.csproj : warning NU1701: Package 'LiveCharts 0.9.7' was restored using '.NETFramework,Version=v4.6.1, .NETFramework,Version=v4.6.2, .NETFramework,Version=v4.7, .NETFramework,Version=v4.7.1, .NETFramework,Version=v4.7.2, .NETFramework,Version=v4.8, .NETFramework,Version=v4.8.1' instead of the project target framework 'net8.0-windows7.0'. This package may not be fully compatible with your project.
C:\Users\reshad\Desktop\LoginAppFramework\LoginAppFramework V2 - main\LoginAppFramework\LoginAppFramework.csproj : warning NU1701: Package 'LiveCharts.Wpf 0.9.7' was restored using '.NETFramework,Version=v4.6.1, .NETFramework,Version=v4.6.2, .NETFramework,Version=v4.7, .NETFramework,Version=v4.7.1, .NETFramework,Version=v4.7.2, .NETFramework,Version=v4.8, .NETFramework,Version=v4.8.1' instead of the project target framework 'net8.0-windows7.0'. This package may not be fully compatible with your project.
C:\Program Files\dotnet\sdk\9.0.305\Microsoft.Common.CurrentVersion.targets(2433,5): warning MSB3245: Could not resolve this reference. Could not locate the assembly "ReachFramework". Check to make sure the assembly exists on disk. If this reference is required by your code, you may get compilation errors. [C:\Users\reshad\Desktop\LoginAppFramework\LoginAppFramework V2 - main\LoginAppFramework\LoginAppFramework.csproj]
C:\Program Files\dotnet\sdk\9.0.305\Microsoft.Common.CurrentVersion.targets(2433,5): warning MSB3243: No way to resolve conflict between "ReachFramework, Version=8.0.0.0, Culture=neutral, PublicKeyToken=31bf3856ad364e35" and "ReachFramework". Choosing "ReachFramework, Version=8.0.0.0, Culture=neutral, PublicKeyToken=31bf3856ad364e35" arbitrarily. [C:\Users\reshad\Desktop\LoginAppFramework\LoginAppFramework V2 - main\LoginAppFramework\LoginAppFramework.csproj]
C:\Users\reshad\Desktop\LoginAppFramework\LoginAppFramework V2 - main\LoginAppFramework\LoginAppFramework_kdb1wuoq_wpftmp.csproj : warning NU1701: Package 'CredentialManagement 1.0.2' was restored using '.NETFramework,Version=v4.6.1, .NETFramework,Version=v4.6.2, .NETFramework,Version=v4.7, .NETFramework,Version=v4.7.1, .NETFramework,Version=v4.7.2, .NETFramework,Version=v4.8, .NETFramework,Version=v4.8.1' instead of the project target framework 'net8.0-windows7.0'. This package may not be fully compatible with your project.
C:\Users\reshad\Desktop\LoginAppFramework\LoginAppFramework V2 - main\LoginAppFramework\LoginAppFramework_kdb1wuoq_wpftmp.csproj : warning NU1701: Package 'LiveCharts 0.9.7' was restored using '.NETFramework,Version=v4.6.1, .NETFramework,Version=v4.6.2, .NETFramework,Version=v4.7, .NETFramework,Version=v4.7.1, .NETFramework,Version=v4.7.2, .NETFramework,Version=v4.8, .NETFramework,Version=v4.8.1' instead of the project target framework 'net8.0-windows7.0'. This package may not be fully compatible with your project.
C:\Users\reshad\Desktop\LoginAppFramework\LoginAppFramework V2 - main\LoginAppFramework\LoginAppFramework_kdb1wuoq_wpftmp.csproj : warning NU1701: Package 'LiveCharts.Wpf 0.9.7' was restored using '.NETFramework,Version=v4.6.1, .NETFramework,Version=v4.6.2, .NETFramework,Version=v4.7, .NETFramework,Version=v4.7.1, .NETFramework,Version=v4.7.2, .NETFramework,Version=v4.8, .NETFramework,Version=v4.8.1' instead of the project target framework 'net8.0-windows7.0'. This package may not be fully compatible with your project.
C:\Users\reshad\Desktop\LoginAppFramework\LoginAppFramework V2 - main\LoginAppFramework\ValueConverters.cs(60,40): warning CS8848: Operator 'switch' cannot be used here due to precedence. Use parentheses to disambiguate. [C:\Users\reshad\Desktop\LoginAppFramework\LoginAppFramework V2 - main\LoginAppFramework\LoginAppFramework_kdb1wuoq_wpftmp.csproj]
C:\Users\reshad\Desktop\LoginAppFramework\LoginAppFramework V2 - main\LoginAppFramework\Services\ReportGenerator.cs(105,21): warning CS0618: 'GridExtensions.Grid(IContainer, Action<GridDescriptor>)' is obsolete: 'This element has been deprecated since version 2022.11. Please use the Table element, or the combination of the Row and Column elements.' [C:\Users\reshad\Desktop\LoginAppFramework\LoginAppFramework V2 - main\LoginAppFramework\LoginAppFramework_kdb1wuoq_wpftmp.csproj]
C:\Users\reshad\Desktop\LoginAppFramework\LoginAppFramework V2 - main\LoginAppFramework\Services\ReportGenerator.cs(87,13): warning CS0618: 'GridExtensions.Grid(IContainer, Action<GridDescriptor>)' is obsolete: 'This element has been deprecated since version 2022.11. Please use the Table element, or the combination of the Row and Column elements.' [C:\Users\reshad\Desktop\LoginAppFramework\LoginAppFramework V2 - main\LoginAppFramework\LoginAppFramework_kdb1wuoq_wpftmp.csproj]
C:\Users\reshad\Desktop\LoginAppFramework\LoginAppFramework V2 - main\LoginAppFramework\WorkerAssetManager.xaml.cs(13,43): warning CS0067: The event 'WorkerAssetManager.OnDeleteWorker' is never used [C:\Users\reshad\Desktop\LoginAppFramework\LoginAppFramework V2 - main\LoginAppFramework\LoginAppFramework_kdb1wuoq_wpftmp.csproj]
C:\Users\reshad\Desktop\LoginAppFramework\LoginAppFramework V2 - main\LoginAppFramework\WorkerAssetManager.xaml.cs(12,43): warning CS0067: The event 'WorkerAssetManager.OnEditWorker' is never used [C:\Users\reshad\Desktop\LoginAppFramework\LoginAppFramework V2 - main\LoginAppFramework\LoginAppFramework_kdb1wuoq_wpftmp.csproj]
C:\Users\reshad\Desktop\LoginAppFramework\LoginAppFramework V2 - main\LoginAppFramework\Models\ImportMappingViewModel.cs(11,50): warning CS0067: The event 'ImportMappingViewModel.PropertyChanged' is never used [C:\Users\reshad\Desktop\LoginAppFramework\LoginAppFramework V2 - main\LoginAppFramework\LoginAppFramework_kdb1wuoq_wpftmp.csproj]
C:\Users\reshad\Desktop\LoginAppFramework\LoginAppFramework V2 - main\LoginAppFramework\PrintQrCodesWindow.xaml.cs(35,33): warning CA1416: This call site is reachable on all platforms. 'QRCode' is only supported on: 'windows'. (https://learn.microsoft.com/dotnet/fundamentals/code-analysis/quality-rules/ca1416) [C:\Users\reshad\Desktop\LoginAppFramework\LoginAppFramework V2 - main\LoginAppFramework\LoginAppFramework_kdb1wuoq_wpftmp.csproj]
C:\Users\reshad\Desktop\LoginAppFramework\LoginAppFramework V2 - main\LoginAppFramework\Services\EncryptionHelper.cs(24,82): warning CA1416: This call site is reachable on all platforms. 'DataProtectionScope.CurrentUser' is only supported on: 'windows'. (https://learn.microsoft.com/dotnet/fundamentals/code-analysis/quality-rules/ca1416) [C:\Users\reshad\Desktop\LoginAppFramework\LoginAppFramework V2 - main\LoginAppFramework\LoginAppFramework_kdb1wuoq_wpftmp.csproj]
C:\Users\reshad\Desktop\LoginAppFramework\LoginAppFramework V2 - main\LoginAppFramework\Services\EncryptionHelper.cs(42,31): warning CA1416: This call site is reachable on all platforms. 'ProtectedData.Unprotect(byte[], byte[]?, DataProtectionScope)' is only supported on: 'windows'. (https://learn.microsoft.com/dotnet/fundamentals/code-analysis/quality-rules/ca1416) [C:\Users\reshad\Desktop\LoginAppFramework\LoginAppFramework V2 - main\LoginAppFramework\LoginAppFramework_kdb1wuoq_wpftmp.csproj]
C:\Users\reshad\Desktop\LoginAppFramework\LoginAppFramework V2 - main\LoginAppFramework\PrintQrCodesWindow.xaml.cs(73,17): warning CA1416: This call site is reachable on all platforms. 'Image.Save(Stream, ImageFormat)' is only supported on: 'windows'. (https://learn.microsoft.com/dotnet/fundamentals/code-analysis/quality-rules/ca1416) [C:\Users\reshad\Desktop\LoginAppFramework\LoginAppFramework V2 - main\LoginAppFramework\LoginAppFramework_kdb1wuoq_wpftmp.csproj]
C:\Users\reshad\Desktop\LoginAppFramework\LoginAppFramework V2 - main\LoginAppFramework\PrintQrCodesWindow.xaml.cs(36,38): warning CA1416: This call site is reachable on all platforms. 'QRCode.GetGraphic(int)' is only supported on: 'windows'. (https://learn.microsoft.com/dotnet/fundamentals/code-analysis/quality-rules/ca1416) [C:\Users\reshad\Desktop\LoginAppFramework\LoginAppFramework V2 - main\LoginAppFramework\LoginAppFramework_kdb1wuoq_wpftmp.csproj]
C:\Users\reshad\Desktop\LoginAppFramework\LoginAppFramework V2 - main\LoginAppFramework\Services\EncryptionHelper.cs(24,36): warning CA1416: This call site is reachable on all platforms. 'ProtectedData.Protect(byte[], byte[]?, DataProtectionScope)' is only supported on: 'windows'. (https://learn.microsoft.com/dotnet/fundamentals/code-analysis/quality-rules/ca1416) [C:\Users\reshad\Desktop\LoginAppFramework\LoginAppFramework V2 - main\LoginAppFramework\LoginAppFramework_kdb1wuoq_wpftmp.csproj]
C:\Users\reshad\Desktop\LoginAppFramework\LoginAppFramework V2 - main\LoginAppFramework\Services\EncryptionHelper.cs(42,79): warning CA1416: This call site is reachable on all platforms. 'DataProtectionScope.CurrentUser' is only supported on: 'windows'. (https://learn.microsoft.com/dotnet/fundamentals/code-analysis/quality-rules/ca1416) [C:\Users\reshad\Desktop\LoginAppFramework\LoginAppFramework V2 - main\LoginAppFramework\LoginAppFramework_kdb1wuoq_wpftmp.csproj]
C:\Users\reshad\Desktop\LoginAppFramework\LoginAppFramework V2 - main\LoginAppFramework\PrintQrCodesWindow.xaml.cs(73,37): warning CA1416: This call site is reachable on all platforms. 'ImageFormat.Png' is only supported on: 'windows'. (https://learn.microsoft.com/dotnet/fundamentals/code-analysis/quality-rules/ca1416) [C:\Users\reshad\Desktop\LoginAppFramework\LoginAppFramework V2 - main\LoginAppFramework\LoginAppFramework_kdb1wuoq_wpftmp.csproj]
C:\Users\reshad\Desktop\LoginAppFramework\LoginAppFramework V2 - main\LoginAppFramework\ValueConverters.cs(60,40): warning CS8848: Operator 'switch' cannot be used here due to precedence. Use parentheses to disambiguate. [C:\Users\reshad\Desktop\LoginAppFramework\LoginAppFramework V2 - main\LoginAppFramework\LoginAppFramework.csproj]
C:\Users\reshad\Desktop\LoginAppFramework\LoginAppFramework V2 - main\LoginAppFramework\Services\ReportGenerator.cs(105,21): warning CS0618: 'GridExtensions.Grid(IContainer, Action<GridDescriptor>)' is obsolete: 'This element has been deprecated since version 2022.11. Please use the Table element, or the combination of the Row and Column elements.' [C:\Users\reshad\Desktop\LoginAppFramework\LoginAppFramework V2 - main\LoginAppFramework\LoginAppFramework.csproj]
C:\Users\reshad\Desktop\LoginAppFramework\LoginAppFramework V2 - main\LoginAppFramework\Services\ReportGenerator.cs(87,13): warning CS0618: 'GridExtensions.Grid(IContainer, Action<GridDescriptor>)' is obsolete: 'This element has been deprecated since version 2022.11. Please use the Table element, or the combination of the Row and Column elements.' [C:\Users\reshad\Desktop\LoginAppFramework\LoginAppFramework V2 - main\LoginAppFramework\LoginAppFramework.csproj]
C:\Users\reshad\Desktop\LoginAppFramework\LoginAppFramework V2 - main\LoginAppFramework\WorkerAssetManager.xaml.cs(12,43): warning CS0067: The event 'WorkerAssetManager.OnEditWorker' is never used [C:\Users\reshad\Desktop\LoginAppFramework\LoginAppFramework V2 - main\LoginAppFramework\LoginAppFramework.csproj]
C:\Users\reshad\Desktop\LoginAppFramework\LoginAppFramework V2 - main\LoginAppFramework\WorkerAssetManager.xaml.cs(13,43): warning CS0067: The event 'WorkerAssetManager.OnDeleteWorker' is never used [C:\Users\reshad\Desktop\LoginAppFramework\LoginAppFramework V2 - main\LoginAppFramework\LoginAppFramework.csproj]
C:\Users\reshad\Desktop\LoginAppFramework\LoginAppFramework V2 - main\LoginAppFramework\Models\ImportMappingViewModel.cs(11,50): warning CS0067: The event 'ImportMappingViewModel.PropertyChanged' is never used [C:\Users\reshad\Desktop\LoginAppFramework\LoginAppFramework V2 - main\LoginAppFramework\LoginAppFramework.csproj]
C:\Users\reshad\Desktop\LoginAppFramework\LoginAppFramework V2 - main\LoginAppFramework\Services\EncryptionHelper.cs(24,36): warning CA1416: This call site is reachable on all platforms. 'ProtectedData.Protect(byte[], byte[]?, DataProtectionScope)' is only supported on: 'windows'. (https://learn.microsoft.com/dotnet/fundamentals/code-analysis/quality-rules/ca1416) [C:\Users\reshad\Desktop\LoginAppFramework\LoginAppFramework V2 - main\LoginAppFramework\LoginAppFramework.csproj]
C:\Users\reshad\Desktop\LoginAppFramework\LoginAppFramework V2 - main\LoginAppFramework\Services\EncryptionHelper.cs(24,82): warning CA1416: This call site is reachable on all platforms. 'DataProtectionScope.CurrentUser' is only supported on: 'windows'. (https://learn.microsoft.com/dotnet/fundamentals/code-analysis/quality-rules/ca1416) [C:\Users\reshad\Desktop\LoginAppFramework\LoginAppFramework V2 - main\LoginAppFramework\LoginAppFramework.csproj]
C:\Users\reshad\Desktop\LoginAppFramework\LoginAppFramework V2 - main\LoginAppFramework\Services\EncryptionHelper.cs(42,79): warning CA1416: This call site is reachable on all platforms. 'DataProtectionScope.CurrentUser' is only supported on: 'windows'. (https://learn.microsoft.com/dotnet/fundamentals/code-analysis/quality-rules/ca1416) [C:\Users\reshad\Desktop\LoginAppFramework\LoginAppFramework V2 - main\LoginAppFramework\LoginAppFramework.csproj]
C:\Users\reshad\Desktop\LoginAppFramework\LoginAppFramework V2 - main\LoginAppFramework\Services\EncryptionHelper.cs(42,31): warning CA1416: This call site is reachable on all platforms. 'ProtectedData.Unprotect(byte[], byte[]?, DataProtectionScope)' is only supported on: 'windows'. (https://learn.microsoft.com/dotnet/fundamentals/code-analysis/quality-rules/ca1416) [C:\Users\reshad\Desktop\LoginAppFramework\LoginAppFramework V2 - main\LoginAppFramework\LoginAppFramework.csproj]
C:\Users\reshad\Desktop\LoginAppFramework\LoginAppFramework V2 - main\LoginAppFramework\PrintQrCodesWindow.xaml.cs(73,37): warning CA1416: This call site is reachable on all platforms. 'ImageFormat.Png' is only supported on: 'windows'. (https://learn.microsoft.com/dotnet/fundamentals/code-analysis/quality-rules/ca1416) [C:\Users\reshad\Desktop\LoginAppFramework\LoginAppFramework V2 - main\LoginAppFramework\LoginAppFramework.csproj]
C:\Users\reshad\Desktop\LoginAppFramework\LoginAppFramework V2 - main\LoginAppFramework\PrintQrCodesWindow.xaml.cs(73,17): warning CA1416: This call site is reachable on all platforms. 'Image.Save(Stream, ImageFormat)' is only supported on: 'windows'. (https://learn.microsoft.com/dotnet/fundamentals/code-analysis/quality-rules/ca1416) [C:\Users\reshad\Desktop\LoginAppFramework\LoginAppFramework V2 - main\LoginAppFramework\LoginAppFramework.csproj]
C:\Users\reshad\Desktop\LoginAppFramework\LoginAppFramework V2 - main\LoginAppFramework\PrintQrCodesWindow.xaml.cs(35,33): warning CA1416: This call site is reachable on all platforms. 'QRCode' is only supported on: 'windows'. (https://learn.microsoft.com/dotnet/fundamentals/code-analysis/quality-rules/ca1416) [C:\Users\reshad\Desktop\LoginAppFramework\LoginAppFramework V2 - main\LoginAppFramework\LoginAppFramework.csproj]
C:\Users\reshad\Desktop\LoginAppFramework\LoginAppFramework V2 - main\LoginAppFramework\PrintQrCodesWindow.xaml.cs(36,38): warning CA1416: This call site is reachable on all platforms. 'QRCode.GetGraphic(int)' is only supported on: 'windows'. (https://learn.microsoft.com/dotnet/fundamentals/code-analysis/quality-rules/ca1416) [C:\Users\reshad\Desktop\LoginAppFramework\LoginAppFramework V2 - main\LoginAppFramework\LoginAppFramework.csproj]
    39 Warning(s)
    0 Error(s)

Time Elapsed 00:00:12.02

Workload updates are available. Run `dotnet workload list` for more information.
